[     270ms] [ERROR] Failed to load resource: the server responded with a status of 404 (File not found) @ http://localhost:8888/api/quick-links:0
[     272ms] [ERROR] Failed to fetch quick links: AxiosError: Request failed with status code 404
    at Tr (http://localhost:8888/assets/vendor-DYpsmOb-.js:3:1066)
    at XMLHttpRequest.g (http://localhost:8888/assets/vendor-DYpsmOb-.js:3:5636)
    at Q.request (http://localhost:8888/assets/vendor-DYpsmOb-.js:5:1989)
    at async C (http://localhost:8888/assets/index-CtDaVMao.js:2:6843) @ http://localhost:8888/assets/index-CtDaVMao.js:1
[     371ms] [ERROR] Failed to load resource: the server responded with a status of 404 (File not found) @ http://localhost:8888/api/auth/info:0
[     371ms] [ERROR] Failed to fetch user info: AxiosError: Request failed with status code 404
    at Tr (http://localhost:8888/assets/vendor-DYpsmOb-.js:3:1066)
    at XMLHttpRequest.g (http://localhost:8888/assets/vendor-DYpsmOb-.js:3:5636)
    at Q.request (http://localhost:8888/assets/vendor-DYpsmOb-.js:5:1989)
    at async ge (http://localhost:8888/assets/Footer-BQPYMNTP.js:1:3034) @ http://localhost:8888/assets/Footer-BQPYMNTP.js:0
[     808ms] [ERROR] Failed to load resource: the server responded with a status of 404 (File not found) @ http://localhost:8888/api/auth/info:0
[     809ms] [ERROR] Failed to fetch user info: AxiosError: Request failed with status code 404
    at Tr (http://localhost:8888/assets/vendor-DYpsmOb-.js:3:1066)
    at XMLHttpRequest.g (http://localhost:8888/assets/vendor-DYpsmOb-.js:3:5636)
    at Q.request (http://localhost:8888/assets/vendor-DYpsmOb-.js:5:1989)
    at async ge (http://localhost:8888/assets/Footer-BQPYMNTP.js:1:3034) @ http://localhost:8888/assets/Footer-BQPYMNTP.js:0
[     821ms] [ERROR] Failed to load resource: the server responded with a status of 404 (File not found) @ http://localhost:8888/api/categories:0
[     822ms] [ERROR] Failed to fetch data: AxiosError: Request failed with status code 404
    at Tr (http://localhost:8888/assets/vendor-DYpsmOb-.js:3:1066)
    at XMLHttpRequest.g (http://localhost:8888/assets/vendor-DYpsmOb-.js:3:5636)
    at Q.request (http://localhost:8888/assets/vendor-DYpsmOb-.js:5:1989)
    at async Promise.all (index 0)
    at async $e (http://localhost:8888/assets/AdminArticle-ByBFihgJ.js:241:3186) @ http://localhost:8888/assets/AdminArticle-ByBFihgJ.js:240
[     833ms] [ERROR] Failed to load resource: the server responded with a status of 404 (File not found) @ http://localhost:8888/api/tags:0
[   28381ms] [ERROR] Failed to load resource: the server responded with a status of 404 (File not found) @ http://localhost:8888/api/auth/info:0
[   28381ms] [ERROR] Failed to fetch user info: AxiosError: Request failed with status code 404
    at Tr (http://localhost:8888/assets/vendor-DYpsmOb-.js:3:1066)
    at XMLHttpRequest.g (http://localhost:8888/assets/vendor-DYpsmOb-.js:3:5636)
    at Q.request (http://localhost:8888/assets/vendor-DYpsmOb-.js:5:1989)
    at async ge (http://localhost:8888/assets/Footer-BQPYMNTP.js:1:3034) @ http://localhost:8888/assets/Footer-BQPYMNTP.js:0
[   28394ms] [ERROR] Failed to load resource: the server responded with a status of 404 (File not found) @ http://localhost:8888/api/categories:0
[   28394ms] [ERROR] Failed to fetch data: AxiosError: Request failed with status code 404
    at Tr (http://localhost:8888/assets/vendor-DYpsmOb-.js:3:1066)
    at XMLHttpRequest.g (http://localhost:8888/assets/vendor-DYpsmOb-.js:3:5636)
    at Q.request (http://localhost:8888/assets/vendor-DYpsmOb-.js:5:1989)
    at async Promise.all (index 0)
    at async $e (http://localhost:8888/assets/AdminArticle-ByBFihgJ.js:241:3186) @ http://localhost:8888/assets/AdminArticle-ByBFihgJ.js:240
[   28403ms] [ERROR] Failed to load resource: the server responded with a status of 404 (File not found) @ http://localhost:8888/api/tags:0
[  234784ms] [ERROR] Failed to load resource: the server responded with a status of 404 (File not found) @ http://localhost:8888/api/auth/info:0
[  234784ms] [ERROR] Failed to fetch user info: AxiosError: Request failed with status code 404
    at Tr (http://localhost:8888/assets/vendor-DYpsmOb-.js:3:1066)
    at XMLHttpRequest.g (http://localhost:8888/assets/vendor-DYpsmOb-.js:3:5636)
    at Q.request (http://localhost:8888/assets/vendor-DYpsmOb-.js:5:1989)
    at async ge (http://localhost:8888/assets/Footer-BQPYMNTP.js:1:3034) @ http://localhost:8888/assets/Footer-BQPYMNTP.js:0
[  234798ms] [ERROR] Failed to load resource: the server responded with a status of 404 (File not found) @ http://localhost:8888/api/categories:0
[  234798ms] [ERROR] Failed to fetch data: AxiosError: Request failed with status code 404
    at Tr (http://localhost:8888/assets/vendor-DYpsmOb-.js:3:1066)
    at XMLHttpRequest.g (http://localhost:8888/assets/vendor-DYpsmOb-.js:3:5636)
    at Q.request (http://localhost:8888/assets/vendor-DYpsmOb-.js:5:1989)
    at async Promise.all (index 0)
    at async $e (http://localhost:8888/assets/AdminArticle-ByBFihgJ.js:241:3186) @ http://localhost:8888/assets/AdminArticle-ByBFihgJ.js:240
[  234807ms] [ERROR] Failed to load resource: the server responded with a status of 404 (File not found) @ http://localhost:8888/api/tags:0
[  346146ms] [ERROR] Failed to load resource: the server responded with a status of 404 (File not found) @ http://localhost:8888/api/auth/info:0
[  346146ms] [ERROR] Failed to fetch user info: AxiosError: Request failed with status code 404
    at Tr (http://localhost:8888/assets/vendor-DYpsmOb-.js:3:1066)
    at XMLHttpRequest.g (http://localhost:8888/assets/vendor-DYpsmOb-.js:3:5636)
    at Q.request (http://localhost:8888/assets/vendor-DYpsmOb-.js:5:1989)
    at async ge (http://localhost:8888/assets/Footer-BQPYMNTP.js:1:3034) @ http://localhost:8888/assets/Footer-BQPYMNTP.js:0
[  346160ms] [ERROR] Failed to load resource: the server responded with a status of 404 (File not found) @ http://localhost:8888/api/categories:0
[  346161ms] [ERROR] Failed to fetch data: AxiosError: Request failed with status code 404
    at Tr (http://localhost:8888/assets/vendor-DYpsmOb-.js:3:1066)
    at XMLHttpRequest.g (http://localhost:8888/assets/vendor-DYpsmOb-.js:3:5636)
    at Q.request (http://localhost:8888/assets/vendor-DYpsmOb-.js:5:1989)
    at async Promise.all (index 0)
    at async $e (http://localhost:8888/assets/AdminArticle-ByBFihgJ.js:241:3186) @ http://localhost:8888/assets/AdminArticle-ByBFihgJ.js:240
[  346168ms] [ERROR] Failed to load resource: the server responded with a status of 404 (File not found) @ http://localhost:8888/api/tags:0
